Loaded 3 intended-word entries from /mnt/c/VSC/B2A Pipeline/B2A/words.map
Found 3 BAM file(s) to process.
Checking modkit version...
Found modkit version: 0.5.0
modkit version OK.

========================================
Processing BAM: ./demux_test/barcode01/reads.bam
Barcode label: barcode01
Intended word: EpiB
Running modkit pileup...
> parsed user-input threshold 0 for mod-code C
> calculated chunk size: 6, interval size 100000, processing 600000 positions concurrently
> filtering to only CpG motifs
> attempting to sample 10042 reads
> Using filter threshold 0.8046875 for C.
> Threshold of 0 for mod code C is very low. Consider increasing the filter-percentile or specifying a higher threshold.
> Done, processed 280 rows. Processed ~227 reads and skipped zero reads.
Filtering methylation data...
Computing dynamic mean and median thresholds...
Mean = 37.1012
Median = 36.73
Processing methylation positions in Python...
Selected BITWIDTH = 8
CG sites: [60, 84, 108, 132, 156, 180, 204, 228, 252, 276, 300, 324, 348, 372, 396, 420, 444, 468, 492, 516, 540, 564, 588, 612, 636, 660, 684, 708, 732, 756, 780, 804, 828, 852, 876, 900]
Methylation status: [0, 1, 0, 0, 0, 1, 0, 1, 0, 1, 1, 1, 0, 0, 0, 0, 0, 1, 1, 0, 1, 0, 0, 1, 0, 1, 0, 0, 0, 0, 1, 0, 0, 0, 0, 0]
Position: 60, Bit Value: 0
Position: 84, Bit Value: 1
Position: 108, Bit Value: 0
Position: 132, Bit Value: 0
Position: 156, Bit Value: 0
Position: 180, Bit Value: 1
Position: 204, Bit Value: 0
Position: 228, Bit Value: 1
Position: 252, Bit Value: 0
Position: 276, Bit Value: 1
Position: 300, Bit Value: 1
Position: 324, Bit Value: 1
Position: 348, Bit Value: 0
Position: 372, Bit Value: 0
Position: 396, Bit Value: 0
Position: 420, Bit Value: 0
Position: 444, Bit Value: 0
Position: 468, Bit Value: 1
Position: 492, Bit Value: 1
Position: 516, Bit Value: 0
Position: 540, Bit Value: 1
Position: 564, Bit Value: 0
Position: 588, Bit Value: 0
Position: 612, Bit Value: 1
Position: 636, Bit Value: 0
Position: 660, Bit Value: 1
Position: 684, Bit Value: 0
Position: 708, Bit Value: 0
Position: 732, Bit Value: 0
Position: 756, Bit Value: 0
Position: 780, Bit Value: 1
Position: 804, Bit Value: 0
Position: 828, Bit Value: 0
Position: 852, Bit Value: 0
Position: 876, Bit Value: 0
Position: 900, Bit Value: 0
Grouped strings (8-bit chunks): ['01000101', '01110000', '01101001', '01000010', '0000']
ASCII characters: ['E', 'p', 'i', 'B']
Input methpos file: /tmp/tmp.gMoAAqMWcD/methpos.txt
Bitwidth: 8
Desired word: EpiB

Each letter in binary: 01000101 01110000 01101001 01000010
Desired word in binary (no spaces): 01000101011100000110100101000010

Desired methylated brick numbers are: [3, 7, 9, 11, 12, 13, 19, 20, 22, 25, 27, 32]
Desired methylated CG sites are: [84, 180, 228, 276, 300, 324, 468, 492, 540, 612, 660, 780]
Actual methylated CG sites are: [84, 180, 228, 276, 300, 324, 468, 492, 540, 612, 660, 780]
Desired percentage of 1's: 37.5

Total positions compared: 32
Matches (desired == actual): 32

1 -> 0 flips (desired 1, actual 0): 0
Positions (index, CG site):

0 -> 1 flips (desired 0, actual 1): 0
Positions (index, CG site):
Error Percentage: 0.0

========================================
Processing BAM: ./demux_test/barcode02/reads.bam
Barcode label: barcode02
Intended word: HELLO
Running modkit pileup...
> parsed user-input threshold 0 for mod-code C
> calculated chunk size: 6, interval size 100000, processing 600000 positions concurrently
> filtering to only CpG motifs
> attempting to sample 10042 reads
> Using filter threshold 0.8203125 for C.
> Threshold of 0 for mod code C is very low. Consider increasing the filter-percentile or specifying a higher threshold.
> Done, processed 280 rows. Processed ~159 reads and skipped zero reads.
Filtering methylation data...
Computing dynamic mean and median thresholds...
Mean = 39.62269230769231
Median = 32.575
Processing methylation positions in Python...
Selected BITWIDTH = 8
CG sites: [60, 84, 108, 132, 156, 180, 204, 228, 252, 276, 300, 324, 348, 372, 396, 420, 444, 468, 492, 516, 540, 564, 588, 612, 636, 660, 684, 708, 732, 756, 780, 804, 828, 852, 876, 900]
Methylation status: [0, 1, 0, 0, 0, 0, 0, 1, 0, 1, 1, 1, 0, 0, 0, 0, 0, 1, 1, 0, 1, 0, 0, 1, 0, 1, 0, 0, 0, 0, 1, 0, 0, 0, 0, 0]
Position: 60, Bit Value: 0
Position: 84, Bit Value: 1
Position: 108, Bit Value: 0
Position: 132, Bit Value: 0
Position: 156, Bit Value: 0
Position: 180, Bit Value: 0
Position: 204, Bit Value: 0
Position: 228, Bit Value: 1
Position: 252, Bit Value: 0
Position: 276, Bit Value: 1
Position: 300, Bit Value: 1
Position: 324, Bit Value: 1
Position: 348, Bit Value: 0
Position: 372, Bit Value: 0
Position: 396, Bit Value: 0
Position: 420, Bit Value: 0
Position: 444, Bit Value: 0
Position: 468, Bit Value: 1
Position: 492, Bit Value: 1
Position: 516, Bit Value: 0
Position: 540, Bit Value: 1
Position: 564, Bit Value: 0
Position: 588, Bit Value: 0
Position: 612, Bit Value: 1
Position: 636, Bit Value: 0
Position: 660, Bit Value: 1
Position: 684, Bit Value: 0
Position: 708, Bit Value: 0
Position: 732, Bit Value: 0
Position: 756, Bit Value: 0
Position: 780, Bit Value: 1
Position: 804, Bit Value: 0
Position: 828, Bit Value: 0
Position: 852, Bit Value: 0
Position: 876, Bit Value: 0
Position: 900, Bit Value: 0
Grouped strings (8-bit chunks): ['01000001', '01110000', '01101001', '01000010', '0000']
ASCII characters: ['A', 'p', 'i', 'B']
Input methpos file: /tmp/tmp.6nHYFqpV05/methpos.txt
Bitwidth: 8
Desired word: HELLO

Each letter in binary: 01001000 01000101 01001100 01001100 01001111
Desired word in binary (no spaces): 0100100001000101010011000100110001001111

Warning: desired pattern (40 bits) is longer than available CG sites (36). Only comparing first 36 bits.

Desired methylated brick numbers are: [3, 6, 11, 15, 17, 19, 22, 23, 27, 30, 31, 35, 38, 39, 40, 41]
Desired methylated CG sites are: [84, 156, 276, 372, 420, 468, 540, 564, 660, 732, 756, 852, 924, 948, 972, 996]
Actual methylated CG sites are: [84, 228, 276, 300, 324, 468, 492, 540, 612, 660, 780]
Desired percentage of 1's: 40.0

Total positions compared: 36
Matches (desired == actual): 23

1 -> 0 flips (desired 1, actual 0): 7
Positions (index, CG site):
  Bit/Brick number= 5, CG_site= 156
  Bit/Brick number= 14, CG_site= 372
  Bit/Brick number= 16, CG_site= 420
  Bit/Brick number= 22, CG_site= 564
  Bit/Brick number= 29, CG_site= 732
  Bit/Brick number= 30, CG_site= 756
  Bit/Brick number= 34, CG_site= 852

0 -> 1 flips (desired 0, actual 1): 6
Positions (index, CG site):
  Bit/Brick number= 8, CG_site= 228
  Bit/Brick number= 11, CG_site= 300
  Bit/Brick number= 12, CG_site= 324
  Bit/Brick number= 19, CG_site= 492
  Bit/Brick number= 24, CG_site= 612
  Bit/Brick number= 31, CG_site= 780
Error Percentage: 42.5

========================================
Processing BAM: ./demux_test/notbarcode/sampleX.bam
Barcode label: sampleX
Intended word: DATA
Running modkit pileup...
> parsed user-input threshold 0 for mod-code C
> calculated chunk size: 6, interval size 100000, processing 600000 positions concurrently
> filtering to only CpG motifs
> attempting to sample 10042 reads
> Using filter threshold 0.8203125 for C.
> Threshold of 0 for mod code C is very low. Consider increasing the filter-percentile or specifying a higher threshold.
> Done, processed 280 rows. Processed ~74 reads and skipped zero reads.
Filtering methylation data...
Computing dynamic mean and median thresholds...
Mean = 48.61038461538462
Median = 42.86
Processing methylation positions in Python...
Selected BITWIDTH = 8
CG sites: [60, 84, 108, 132, 156, 180, 204, 228, 252, 276, 300, 324, 348, 372, 396, 420, 444, 468, 492, 516, 540, 564, 588, 612, 636, 660, 684, 708, 732, 756, 780, 804, 828, 852, 876, 900]
Methylation status: [0, 1, 0, 0, 0, 0, 0, 1, 0, 1, 1, 1, 0, 0, 0, 0, 0, 1, 1, 0, 1, 1, 0, 1, 0, 1, 0, 0, 0, 0, 1, 0, 0, 0, 0, 0]
Position: 60, Bit Value: 0
Position: 84, Bit Value: 1
Position: 108, Bit Value: 0
Position: 132, Bit Value: 0
Position: 156, Bit Value: 0
Position: 180, Bit Value: 0
Position: 204, Bit Value: 0
Position: 228, Bit Value: 1
Position: 252, Bit Value: 0
Position: 276, Bit Value: 1
Position: 300, Bit Value: 1
Position: 324, Bit Value: 1
Position: 348, Bit Value: 0
Position: 372, Bit Value: 0
Position: 396, Bit Value: 0
Position: 420, Bit Value: 0
Position: 444, Bit Value: 0
Position: 468, Bit Value: 1
Position: 492, Bit Value: 1
Position: 516, Bit Value: 0
Position: 540, Bit Value: 1
Position: 564, Bit Value: 1
Position: 588, Bit Value: 0
Position: 612, Bit Value: 1
Position: 636, Bit Value: 0
Position: 660, Bit Value: 1
Position: 684, Bit Value: 0
Position: 708, Bit Value: 0
Position: 732, Bit Value: 0
Position: 756, Bit Value: 0
Position: 780, Bit Value: 1
Position: 804, Bit Value: 0
Position: 828, Bit Value: 0
Position: 852, Bit Value: 0
Position: 876, Bit Value: 0
Position: 900, Bit Value: 0
Grouped strings (8-bit chunks): ['01000001', '01110000', '01101101', '01000010', '0000']
ASCII characters: ['A', 'p', 'm', 'B']
Input methpos file: /tmp/tmp.px5Vt431U2/methpos.txt
Bitwidth: 8
Desired word: DATA

Each letter in binary: 01000100 01000001 01010100 01000001
Desired word in binary (no spaces): 01000100010000010101010001000001

Desired methylated brick numbers are: [3, 7, 11, 17, 19, 21, 23, 27, 33]
Desired methylated CG sites are: [84, 180, 276, 420, 468, 516, 564, 660, 804]
Actual methylated CG sites are: [84, 228, 276, 300, 324, 468, 492, 540, 564, 612, 660, 780]
Desired percentage of 1's: 28.125

Total positions compared: 32
Matches (desired == actual): 21

1 -> 0 flips (desired 1, actual 0): 4
Positions (index, CG site):
  Bit/Brick number= 6, CG_site= 180
  Bit/Brick number= 16, CG_site= 420
  Bit/Brick number= 20, CG_site= 516
  Bit/Brick number= 32, CG_site= 804

0 -> 1 flips (desired 0, actual 1): 7
Positions (index, CG site):
  Bit/Brick number= 8, CG_site= 228
  Bit/Brick number= 11, CG_site= 300
  Bit/Brick number= 12, CG_site= 324
  Bit/Brick number= 19, CG_site= 492
  Bit/Brick number= 21, CG_site= 540
  Bit/Brick number= 24, CG_site= 612
  Bit/Brick number= 31, CG_site= 780
Error Percentage: 34.375
Pipeline completed successfully.
Logged output to ASCII_logs/ASCII_Log_270426_054953.log
